Using API Key: AIzaSyCXmmAstSXeBcv7TvOP19NJhinbZ8vsWFE
❌ v1beta / flash failed: [GoogleGenerativeAI Error]: Error fetching from https://generativelanguage.googleapis.com/v1beta/models/gemini-1.5-flash:generateContent: [404 Not Found] models/gemini-1.5-flash is not found for API version v1beta, or is not supported for generateContent. Call ListModels to see the list of available models and their supported methods.
❌ v1 / flash failed: [GoogleGenerativeAI Error]: Error fetching from https://generativelanguage.googleapis.com/v1/models/gemini-1.5-flash:generateContent: [404 Not Found] models/gemini-1.5-flash is not found for API version v1, or is not supported for generateContent. Call ListModels to see the list of available models and their supported methods.
❌ v1beta / pro failed: [GoogleGenerativeAI Error]: Error fetching from https://generativelanguage.googleapis.com/v1beta/models/gemini-pro:generateContent: [404 Not Found] models/gemini-pro is not found for API version v1beta, or is not supported for generateContent. Call ListModels to see the list of available models and their supported methods.
❌ v1 / pro failed: [GoogleGenerativeAI Error]: Error fetching from https://generativelanguage.googleapis.com/v1/models/gemini-pro:generateContent: [404 Not Found] models/gemini-pro is not found for API version v1, or is not supported for generateContent. Call ListModels to see the list of available models and their supported methods.
